// Jest Snapshot v1, https://goo.gl/fbAQLP

exports[`browserslist-config-openmrs exports a valid browserslist config that is what we want for OpenMRS 1`] = `
Array [
  "chrome 81",
  "chrome 80",
  "chrome 79",
  "chrome 78",
  "chrome 77",
  "edge 81",
  "edge 80",
  "edge 79",
  "firefox 76",
  "firefox 75",
  "firefox 74",
  "opera 68",
  "opera 67",
  "opera 66",
  "safari 13.1",
  "safari 13",
  "safari 12.1",
  "safari 12",
]
`;
