// Jest Snapshot v1, https://goo.gl/fbAQLP

exports[`browserslist-config-openmrs exports a valid browserslist config that is what we want for OpenMRS 1`] = `
Array [
  "chrome 81",
  "chrome 80",
  "chrome 79",
  "chrome 78",
  "chrome 77",
  "edge 80",
  "edge 79",
  "edge 18",
  "firefox 75",
  "firefox 74",
  "firefox 73",
  "opera 66",
  "opera 65",
  "opera 64",
  "safari 13",
  "safari 12.1",
  "safari 12",
]
`;
