// Jest Snapshot v1, https://goo.gl/fbAQLP

exports[`browserslist-config-openmrs exports a valid browserslist config that is what we want for OpenMRS 1`] = `
Array [
  "chrome 77",
  "chrome 76",
  "chrome 75",
  "chrome 74",
  "chrome 73",
  "edge 18",
  "edge 17",
  "edge 16",
  "firefox 69",
  "firefox 68",
  "firefox 67",
  "opera 62",
  "opera 60",
  "safari 13",
  "safari 12.1",
  "safari 12",
]
`;
